Token Skill en la fila: 1, columna: 1
Token identificador "fl1" en la fila: 1, columna: 7
Token = en la fila: 1, columna: 11
Token flotante 2'5 en la fila: 1, columna: 13
Token End Instruction \n en la fila: 1, columna: 16
Token Skill en la fila: 2, columna: 1
Token identificador "fl2" en la fila: 2, columna: 7
Token = en la fila: 2, columna: 11
Token flotante 2'000 en la fila: 2, columna: 13
Token End Instruction \n en la fila: 2, columna: 18
Token Skill en la fila: 3, columna: 1
Token identificador "fl3" en la fila: 3, columna: 7
Token = en la fila: 3, columna: 11
Token flotante 02'000 en la fila: 3, columna: 13
Token End Instruction \n en la fila: 3, columna: 19
Token Skill en la fila: 4, columna: 1
Token identificador "fl4" en la fila: 4, columna: 7
Token = en la fila: 4, columna: 11
Token entero 02 en la fila: 4, columna: 13
Token End Instruction \n en la fila: 4, columna: 15
Token End Instruction \n en la fila: 5, columna: 1
