Token string ~ esto es un String ~ en la fila: 1, columna: 1
Comentario varias lineas en la fila: 2, columna: 1
Token caracter *\n* en la fila: 5, columna: 1
Error, caracter inesperado ~ en la fila: 6, columna: 1
Error, caracter inesperado \ en la fila: 6, columna: 2
Token * en la fila: 6, columna: 3
Token * en la fila: 6, columna: 4
Error, caracter inesperado ~ en la fila: 6, columna: 5
Token : en la fila: 8, columna: 1
Comentario una linea en la fila: 8, columna: 3

