Token ! en la fila: 1, columna: 1
Token End Instruction \n en la fila: 1, columna: 3
Error, caracter inesperado " en la fila: 2, columna: 1
Token End Instruction \n en la fila: 2, columna: 3
Token # en la fila: 3, columna: 1
Token End Instruction \n en la fila: 3, columna: 3
Error, caracter inesperado $ en la fila: 4, columna: 1
Token End Instruction \n en la fila: 4, columna: 3
Token % en la fila: 5, columna: 1
Token End Instruction \n en la fila: 5, columna: 3
Error, caracter inesperado & en la fila: 6, columna: 1
Token End Instruction \n en la fila: 6, columna: 3
Error, caracter inesperado ' en la fila: 7, columna: 1
Token End Instruction \n en la fila: 7, columna: 3
Token ( en la fila: 8, columna: 1
Token End Instruction \n en la fila: 8, columna: 3
Token ) en la fila: 9, columna: 1
Token End Instruction \n en la fila: 9, columna: 3
Token * en la fila: 10, columna: 1
Token End Instruction \n en la fila: 10, columna: 3
Token + en la fila: 11, columna: 1
Token End Instruction \n en la fila: 11, columna: 3
Token , en la fila: 12, columna: 1
Token End Instruction \n en la fila: 12, columna: 3
Token - en la fila: 13, columna: 1
Token End Instruction \n en la fila: 13, columna: 3
Error, caracter inesperado . en la fila: 14, columna: 1
Token End Instruction \n en la fila: 14, columna: 3
Token / en la fila: 15, columna: 1
Token End Instruction \n en la fila: 15, columna: 3
Token entero 0 en la fila: 16, columna: 1
Token End Instruction \n en la fila: 16, columna: 3
Token entero 1 en la fila: 17, columna: 1
Token End Instruction \n en la fila: 17, columna: 3
Token entero 2 en la fila: 18, columna: 1
Token End Instruction \n en la fila: 18, columna: 3
Token entero 3 en la fila: 19, columna: 1
Token End Instruction \n en la fila: 19, columna: 3
Token entero 4 en la fila: 20, columna: 1
Token End Instruction \n en la fila: 20, columna: 3
Token entero 5 en la fila: 21, columna: 1
Token End Instruction \n en la fila: 21, columna: 3
Token entero 6 en la fila: 22, columna: 1
Token End Instruction \n en la fila: 22, columna: 3
Token entero 7 en la fila: 23, columna: 1
Token End Instruction \n en la fila: 23, columna: 3
Token entero 8 en la fila: 24, columna: 1
Token End Instruction \n en la fila: 24, columna: 3
Token entero 9 en la fila: 25, columna: 1
Token End Instruction \n en la fila: 25, columna: 3
Token : en la fila: 26, columna: 1
Token End Instruction \n en la fila: 26, columna: 3
Error, caracter inesperado ; en la fila: 27, columna: 1
Token End Instruction \n en la fila: 27, columna: 3
Token < en la fila: 28, columna: 1
Token End Instruction \n en la fila: 28, columna: 3
Token = en la fila: 29, columna: 1
Token End Instruction \n en la fila: 29, columna: 3
Token > en la fila: 30, columna: 1
Token End Instruction \n en la fila: 30, columna: 3
Token ? en la fila: 31, columna: 1
Token End Instruction \n en la fila: 31, columna: 3
Comentario una linea en la fila: 32, columna: 1
Token identificador "A" en la fila: 33, columna: 1
Token End Instruction \n en la fila: 33, columna: 3
Token identificador "B" en la fila: 34, columna: 1
Token End Instruction \n en la fila: 34, columna: 3
Token identificador "C" en la fila: 35, columna: 1
Token End Instruction \n en la fila: 35, columna: 3
Token identificador "D" en la fila: 36, columna: 1
Token End Instruction \n en la fila: 36, columna: 3
Token identificador "E" en la fila: 37, columna: 1
Token End Instruction \n en la fila: 37, columna: 3
Token identificador "F" en la fila: 38, columna: 1
Token End Instruction \n en la fila: 38, columna: 3
Token identificador "G" en la fila: 39, columna: 1
Token End Instruction \n en la fila: 39, columna: 3
Token identificador "H" en la fila: 40, columna: 1
Token End Instruction \n en la fila: 40, columna: 3
Token identificador "I" en la fila: 41, columna: 1
Token End Instruction \n en la fila: 41, columna: 3
Token identificador "J" en la fila: 42, columna: 1
Token End Instruction \n en la fila: 42, columna: 3
Token identificador "K" en la fila: 43, columna: 1
Token End Instruction \n en la fila: 43, columna: 3
Token identificador "L" en la fila: 44, columna: 1
Token End Instruction \n en la fila: 44, columna: 3
Token identificador "M" en la fila: 45, columna: 1
Token End Instruction \n en la fila: 45, columna: 3
Token identificador "N" en la fila: 46, columna: 1
Token End Instruction \n en la fila: 46, columna: 3
Token identificador "O" en la fila: 47, columna: 1
Token End Instruction \n en la fila: 47, columna: 3
Token identificador "P" en la fila: 48, columna: 1
Token End Instruction \n en la fila: 48, columna: 3
Token identificador "Q" en la fila: 49, columna: 1
Token End Instruction \n en la fila: 49, columna: 3
Token identificador "R" en la fila: 50, columna: 1
Token End Instruction \n en la fila: 50, columna: 3
Token identificador "S" en la fila: 51, columna: 1
Token End Instruction \n en la fila: 51, columna: 3
Token identificador "T" en la fila: 52, columna: 1
Token End Instruction \n en la fila: 52, columna: 3
Token identificador "U" en la fila: 53, columna: 1
Token End Instruction \n en la fila: 53, columna: 3
Token identificador "V" en la fila: 54, columna: 1
Token End Instruction \n en la fila: 54, columna: 3
Token identificador "W" en la fila: 55, columna: 1
Token End Instruction \n en la fila: 55, columna: 3
Token identificador "X" en la fila: 56, columna: 1
Token End Instruction \n en la fila: 56, columna: 3
Token identificador "Y" en la fila: 57, columna: 1
Token End Instruction \n en la fila: 57, columna: 3
Token identificador "Z" en la fila: 58, columna: 1
Token End Instruction \n en la fila: 58, columna: 3
Token [ en la fila: 59, columna: 1
Token End Instruction \n en la fila: 59, columna: 3
Error, caracter inesperado \ en la fila: 60, columna: 1
Token End Instruction \n en la fila: 60, columna: 3
Token ] en la fila: 61, columna: 1
Token End Instruction \n en la fila: 61, columna: 3
Error, caracter inesperado ^ en la fila: 62, columna: 1
Token End Instruction \n en la fila: 62, columna: 3
Error, caracter inesperado _ en la fila: 63, columna: 1
Token End Instruction \n en la fila: 63, columna: 3
Error, caracter inesperado ` en la fila: 64, columna: 1
Token End Instruction \n en la fila: 64, columna: 3
Token identificador "a" en la fila: 65, columna: 1
Token End Instruction \n en la fila: 65, columna: 3
Token identificador "b" en la fila: 66, columna: 1
Token End Instruction \n en la fila: 66, columna: 3
Token identificador "c" en la fila: 67, columna: 1
Token End Instruction \n en la fila: 67, columna: 3
Token identificador "d" en la fila: 68, columna: 1
Token End Instruction \n en la fila: 68, columna: 3
Token identificador "e" en la fila: 69, columna: 1
Token End Instruction \n en la fila: 69, columna: 3
Token identificador "f" en la fila: 70, columna: 1
Token End Instruction \n en la fila: 70, columna: 3
Token identificador "g" en la fila: 71, columna: 1
Token End Instruction \n en la fila: 71, columna: 3
Token identificador "h" en la fila: 72, columna: 1
Token End Instruction \n en la fila: 72, columna: 3
Token identificador "i" en la fila: 73, columna: 1
Token End Instruction \n en la fila: 73, columna: 3
Token identificador "j" en la fila: 74, columna: 1
Token End Instruction \n en la fila: 74, columna: 3
Token identificador "k" en la fila: 75, columna: 1
Token End Instruction \n en la fila: 75, columna: 3
Token identificador "l" en la fila: 76, columna: 1
Token End Instruction \n en la fila: 76, columna: 3
Token identificador "m" en la fila: 77, columna: 1
Token End Instruction \n en la fila: 77, columna: 3
Token identificador "n" en la fila: 78, columna: 1
Token End Instruction \n en la fila: 78, columna: 3
Token identificador "o" en la fila: 79, columna: 1
Token End Instruction \n en la fila: 79, columna: 3
Token identificador "p" en la fila: 80, columna: 1
Token End Instruction \n en la fila: 80, columna: 3
Token identificador "q" en la fila: 81, columna: 1
Token End Instruction \n en la fila: 81, columna: 3
Token identificador "r" en la fila: 82, columna: 1
Token End Instruction \n en la fila: 82, columna: 3
Token identificador "s" en la fila: 83, columna: 1
Token End Instruction \n en la fila: 83, columna: 3
Token identificador "t" en la fila: 84, columna: 1
Token End Instruction \n en la fila: 84, columna: 3
Token identificador "u" en la fila: 85, columna: 1
Token End Instruction \n en la fila: 85, columna: 3
Token identificador "v" en la fila: 86, columna: 1
Token End Instruction \n en la fila: 86, columna: 3
Token identificador "w" en la fila: 87, columna: 1
Token End Instruction \n en la fila: 87, columna: 3
Token identificador "x" en la fila: 88, columna: 1
Token End Instruction \n en la fila: 88, columna: 3
Token identificador "y" en la fila: 89, columna: 1
Token End Instruction \n en la fila: 89, columna: 3
Token identificador "z" en la fila: 90, columna: 1
Token End Instruction \n en la fila: 90, columna: 3
Token { en la fila: 91, columna: 1
Token End Instruction \n en la fila: 91, columna: 3
Token | en la fila: 92, columna: 1
Token End Instruction \n en la fila: 92, columna: 3
Token } en la fila: 93, columna: 1
Token End Instruction \n en la fila: 93, columna: 3
Error, caracter inesperado ~ en la fila: 94, columna: 1
