Token Battle en la fila: 1, columna: 1
Token identificador "bool1" en la fila: 1, columna: 8
Token = en la fila: 1, columna: 14
Token Win en la fila: 1, columna: 16
Token Battle en la fila: 2, columna: 1
Token identificador "bool2" en la fila: 2, columna: 8
Token = en la fila: 2, columna: 14
Token Lose en la fila: 2, columna: 16
Token Battle en la fila: 3, columna: 1
Token identificador "bool3" en la fila: 3, columna: 8
Token identificador "bool1" en la fila: 5, columna: 1
Token >= en la fila: 5, columna: 9
Token identificador "bool2" en la fila: 5, columna: 13
Token identificador "bool1" en la fila: 6, columna: 1
Token > en la fila: 6, columna: 9
Token identificador "bool2" en la fila: 6, columna: 13
Token identificador "bool1" en la fila: 7, columna: 1
Token <= en la fila: 7, columna: 9
Token identificador "bool2" en la fila: 7, columna: 13
Token identificador "bool1" en la fila: 8, columna: 1
Token < en la fila: 8, columna: 9
Token identificador "bool2" en la fila: 8, columna: 13
Token identificador "bool1" en la fila: 9, columna: 1
Token == en la fila: 9, columna: 9
Token identificador "bool2" en la fila: 9, columna: 13
Token identificador "bool1" en la fila: 10, columna: 1
Token || en la fila: 10, columna: 9
Token identificador "bool2" en la fila: 10, columna: 13
Token identificador "bool1" en la fila: 11, columna: 1
Token && en la fila: 11, columna: 9
Token identificador "bool2" en la fila: 11, columna: 13
Token identificador "bool1" en la fila: 12, columna: 1
Token = en la fila: 12, columna: 7
Token identificador "bool2" en la fila: 12, columna: 9
Token identificador "bool1" en la fila: 13, columna: 1
Token != en la fila: 13, columna: 7
Token identificador "bool2" en la fila: 13, columna: 10
Token ! en la fila: 14, columna: 1
Token identificador "bool1" en la fila: 14, columna: 2
