Token Power en la fila: 1, columna: 1
Token identificador "a1" en la fila: 1, columna: 7
Token = en la fila: 1, columna: 10
Token entero 1234567890 en la fila: 1, columna: 12
Token Power en la fila: 2, columna: 1
Token identificador "a2" en la fila: 2, columna: 7
Token = en la fila: 2, columna: 10
Token entero 20 en la fila: 2, columna: 12
Token Power en la fila: 3, columna: 1
Token identificador "a3" en la fila: 3, columna: 7
Token = en la fila: 3, columna: 10
Token entero 0123456789 en la fila: 3, columna: 12
Token identificador "a1" en la fila: 5, columna: 1
Token + en la fila: 5, columna: 5
Token entero 12 en la fila: 5, columna: 9
Token identificador "a1" en la fila: 6, columna: 1
Token + en la fila: 6, columna: 5
Token identificador "a2" en la fila: 6, columna: 9
Token entero 12 en la fila: 7, columna: 1
Token + en la fila: 7, columna: 5
Token identificador "a1" en la fila: 7, columna: 9
Token identificador "a1" en la fila: 9, columna: 1
Token - en la fila: 9, columna: 5
Token entero 12 en la fila: 9, columna: 9
Token identificador "a1" en la fila: 10, columna: 1
Token - en la fila: 10, columna: 5
Token identificador "a2" en la fila: 10, columna: 9
Token entero 12 en la fila: 11, columna: 1
Token - en la fila: 11, columna: 5
Token identificador "a1" en la fila: 11, columna: 9
Token identificador "a1" en la fila: 13, columna: 1
Token * en la fila: 13, columna: 5
Token entero 12 en la fila: 13, columna: 9
Token identificador "a1" en la fila: 14, columna: 1
Token * en la fila: 14, columna: 5
Token identificador "a2" en la fila: 14, columna: 9
Token entero 12 en la fila: 15, columna: 1
Token * en la fila: 15, columna: 5
Token identificador "a1" en la fila: 15, columna: 9
Token identificador "a1" en la fila: 17, columna: 1
Token / en la fila: 17, columna: 5
Token entero 12 en la fila: 17, columna: 9
Token identificador "a1" en la fila: 18, columna: 1
Token / en la fila: 18, columna: 5
Token identificador "a2" en la fila: 18, columna: 9
Token entero 12 en la fila: 19, columna: 1
Token / en la fila: 19, columna: 5
Token identificador "a1" en la fila: 19, columna: 9
Token identificador "a1" en la fila: 21, columna: 1
Token // en la fila: 21, columna: 5
Token entero 12 en la fila: 21, columna: 10
Token identificador "a1" en la fila: 22, columna: 1
Token // en la fila: 22, columna: 5
Token identificador "a2" en la fila: 22, columna: 10
Token entero 12 en la fila: 23, columna: 1
Token // en la fila: 23, columna: 5
Token identificador "a1" en la fila: 23, columna: 10
Token identificador "a1" en la fila: 25, columna: 1
Token % en la fila: 25, columna: 5
Token entero 12 en la fila: 25, columna: 9
Token identificador "a1" en la fila: 26, columna: 1
Token % en la fila: 26, columna: 5
Token identificador "a2" en la fila: 26, columna: 9
Token entero 12 en la fila: 27, columna: 1
Token % en la fila: 27, columna: 5
Token identificador "a1" en la fila: 27, columna: 9
Token - en la fila: 29, columna: 1
Token entero 12 en la fila: 29, columna: 2
Token - en la fila: 30, columna: 1
Token identificador "a1" en la fila: 30, columna: 2
