Comentario una linea en la fila: 1, columna: 1
Comentario una linea en la fila: 2, columna: 1
Comentario una linea en la fila: 3, columna: 1
Comentario una linea en la fila: 4, columna: 1
Comentario una linea en la fila: 5, columna: 1
Comentario una linea en la fila: 6, columna: 1
Comentario una linea en la fila: 7, columna: 1
Token identificador "a0123456789" en la fila: 10, columna: 1
Token identificador "a91248619906153209213" en la fila: 11, columna: 1
Token identificador "ahga672ghas61mklas01an18" en la fila: 12, columna: 1
Token identificador "Ahs7sad2daDs128sd'd621Das1" en la fila: 13, columna: 1
Token identificador "a_b'c_d'e_f'g_h'i_j'k_l'm_n'opqrstuvwxyz0123456789ABCDFGHIJKLMNOPQRSTUVWXYZ_'" en la fila: 14, columna: 1
Token world en la fila: 15, columna: 1
Token Win en la fila: 16, columna: 1
Token Lose en la fila: 17, columna: 1
Token Battle en la fila: 18, columna: 1
Token Lose en la fila: 19, columna: 1
Token Power en la fila: 20, columna: 1
Token Rune en la fila: 21, columna: 1
Token Skill en la fila: 22, columna: 1
Token Kit en la fila: 23, columna: 1
Token of en la fila: 24, columna: 1
Token Inventory en la fila: 25, columna: 1
Token spawn en la fila: 26, columna: 1
Token drop en la fila: 27, columna: 1
Token Items en la fila: 28, columna: 1
Token kill en la fila: 29, columna: 1
Token puff en la fila: 30, columna: 1
Token summon en la fila: 31, columna: 1
Token free en la fila: 32, columna: 1
Token joystick en la fila: 33, columna: 1
Token Button en la fila: 34, columna: 1
Token controller en la fila: 35, columna: 1
Token lock en la fila: 36, columna: 1
Token play en la fila: 37, columna: 1
Token gameOver en la fila: 38, columna: 1
Token keepPlaying en la fila: 39, columna: 1
Token monster en la fila: 40, columna: 1
Token boss en la fila: 41, columna: 1
Token unlock en la fila: 42, columna: 1
