Token world en la fila: 1, columna: 1
Token nombre programa %Factorial% en la fila: 1, columna: 7
Token : en la fila: 1, columna: 18
Token monster en la fila: 2, columna: 3
Token identificador "factorial" en la fila: 2, columna: 11
Token ( en la fila: 2, columna: 20
Token Power en la fila: 2, columna: 21
Token identificador "n" en la fila: 2, columna: 27
Token ) en la fila: 2, columna: 28
Token Power en la fila: 2, columna: 30
Token : en la fila: 2, columna: 35
Token Button en la fila: 3, columna: 5
Token : en la fila: 3, columna: 11
Token | en la fila: 4, columna: 7
Token identificador "n" en la fila: 4, columna: 9
Token < en la fila: 4, columna: 11
Token entero 0 en la fila: 4, columna: 13
Token } en la fila: 4, columna: 15
Token unlock en la fila: 4, columna: 17
Token entero 0 en la fila: 4, columna: 24
Token | en la fila: 5, columna: 7
Token identificador "n" en la fila: 5, columna: 9
Token == en la fila: 5, columna: 11
Token entero 0 en la fila: 5, columna: 14
Token } en la fila: 5, columna: 16
Token unlock en la fila: 5, columna: 18
Token entero 1 en la fila: 5, columna: 25
Token | en la fila: 6, columna: 7
Token identificador "n" en la fila: 6, columna: 9
Token > en la fila: 6, columna: 11
Token entero 0 en la fila: 6, columna: 13
Token } en la fila: 6, columna: 15
Token unlock en la fila: 6, columna: 17
Token identificador "n" en la fila: 6, columna: 24
Token * en la fila: 6, columna: 26
Token kill en la fila: 6, columna: 28
Token identificador "factorial" en la fila: 6, columna: 33
Token ( en la fila: 6, columna: 42
Token identificador "n" en la fila: 6, columna: 43
Token - en la fila: 6, columna: 44
Token entero 1 en la fila: 6, columna: 45
Token ) en la fila: 6, columna: 46
Token .~ en la fila: 7, columna: 5
Token .~ en la fila: 8, columna: 3
Token .~ en la fila: 9, columna: 1
