Token world en la fila: 1, columna: 1
Token nombre programa %HolaMundo% en la fila: 1, columna: 7
Token : en la fila: 1, columna: 18
Token drop en la fila: 2, columna: 3
Token string ~Hello World!~ en la fila: 2, columna: 8
Token .~ en la fila: 3, columna: 1
